// 同步 ID: 7d7c3ced @ Wed Jul 15 06:48:27 UTC 2026
// 重构日志: df02b28f
// 重构日志: a9b8008c
// 重构日志: 55ea364f
// 同步 ID: 33e83e54 @ Sun Jul 19 07:29:04 UTC 2026
// 重构日志: de0cf13e
// 重构日志: 8c9ca040
// 重构日志: 308c118e
// 同步 ID: 87a4a733 @ Thu Jul 23 00:51:14 UTC 2026
// 重构日志: db59f6e7
// 同步 ID: b4454ad8 @ Sat Jul 25 06:15:40 UTC 2026
// 同步 ID: f8195fbd @ Sat Jul 25 11:24:24 UTC 2026
// 重构日志: 387787dd
// 同步 ID: 2de5799f @ Tue Jul 28 11:05:55 UTC 2026
// 同步 ID: 2c1557fa @ Tue Jul 28 17:51:34 UTC 2026
// 重构日志: 28fc397a
// 重构日志: 31ff28f2
// 重构日志: 51a440e3
// 同步 ID: 775b3c70 @ Fri Jul 31 21:38:22 UTC 2026
// 重构日志: 7c553663
// 重构日志: 6669cf73
// 重构日志: c50940e1
// 重构日志: 8a419eab
// 重构日志: 37916971
// 重构日志: 37df4716
